Archive member included to satisfy reference by file (symbol)

e:/5.4 2016q3/bin/../lib/gcc/arm-none-eabi/5.4.1/../../../../arm-none-eabi/lib/armv7-m\libg.a(lib_a-exit.o)
                              e:/5.4 2016q3/bin/../lib/gcc/arm-none-eabi/5.4.1/../../../../arm-none-eabi/lib/armv7-m/crt0.o (exit)
e:/5.4 2016q3/bin/../lib/gcc/arm-none-eabi/5.4.1/../../../../arm-none-eabi/lib/armv7-m\libg.a(lib_a-impure.o)
                              e:/5.4 2016q3/bin/../lib/gcc/arm-none-eabi/5.4.1/../../../../arm-none-eabi/lib/armv7-m\libg.a(lib_a-exit.o) (_global_impure_ptr)
e:/5.4 2016q3/bin/../lib/gcc/arm-none-eabi/5.4.1/../../../../arm-none-eabi/lib/armv7-m\libg.a(lib_a-init.o)
                              e:/5.4 2016q3/bin/../lib/gcc/arm-none-eabi/5.4.1/../../../../arm-none-eabi/lib/armv7-m/crt0.o (__libc_init_array)
e:/5.4 2016q3/bin/../lib/gcc/arm-none-eabi/5.4.1/../../../../arm-none-eabi/lib/armv7-m\libg.a(lib_a-memset.o)
                              e:/5.4 2016q3/bin/../lib/gcc/arm-none-eabi/5.4.1/../../../../arm-none-eabi/lib/armv7-m/crt0.o (memset)
e:/5.4 2016q3/bin/../lib/gcc/arm-none-eabi/5.4.1/../../../../arm-none-eabi/lib/armv7-m\libg.a(lib_a-__call_atexit.o)
                              e:/5.4 2016q3/bin/../lib/gcc/arm-none-eabi/5.4.1/../../../../arm-none-eabi/lib/armv7-m\libg.a(lib_a-exit.o) (__call_exitprocs)
e:/5.4 2016q3/bin/../lib/gcc/arm-none-eabi/5.4.1/../../../../arm-none-eabi/lib/armv7-m\libg.a(lib_a-atexit.o)
                              e:/5.4 2016q3/bin/../lib/gcc/arm-none-eabi/5.4.1/../../../../arm-none-eabi/lib/armv7-m\libg.a(lib_a-__call_atexit.o) (atexit)
e:/5.4 2016q3/bin/../lib/gcc/arm-none-eabi/5.4.1/../../../../arm-none-eabi/lib/armv7-m\libg.a(lib_a-fini.o)
                              e:/5.4 2016q3/bin/../lib/gcc/arm-none-eabi/5.4.1/../../../../arm-none-eabi/lib/armv7-m\libg.a(lib_a-__call_atexit.o) (__libc_fini_array)
e:/5.4 2016q3/bin/../lib/gcc/arm-none-eabi/5.4.1/../../../../arm-none-eabi/lib/armv7-m\libg.a(lib_a-__atexit.o)
                              e:/5.4 2016q3/bin/../lib/gcc/arm-none-eabi/5.4.1/../../../../arm-none-eabi/lib/armv7-m\libg.a(lib_a-atexit.o) (__register_exitproc)

Discarded input sections

 .text          0x00000000        0x0 e:/5.4 2016q3/bin/../lib/gcc/arm-none-eabi/5.4.1/armv7-m/crti.o
 .data          0x00000000        0x0 e:/5.4 2016q3/bin/../lib/gcc/arm-none-eabi/5.4.1/armv7-m/crti.o
 .bss           0x00000000        0x0 e:/5.4 2016q3/bin/../lib/gcc/arm-none-eabi/5.4.1/armv7-m/crti.o
 .data          0x00000000        0x4 e:/5.4 2016q3/bin/../lib/gcc/arm-none-eabi/5.4.1/armv7-m/crtbegin.o
 .text          0x00000000       0x74 e:/5.4 2016q3/bin/../lib/gcc/arm-none-eabi/5.4.1/../../../../arm-none-eabi/lib/armv7-m/crt0.o
 .data          0x00000000        0x0 e:/5.4 2016q3/bin/../lib/gcc/arm-none-eabi/5.4.1/../../../../arm-none-eabi/lib/armv7-m/crt0.o
 .bss           0x00000000        0x0 e:/5.4 2016q3/bin/../lib/gcc/arm-none-eabi/5.4.1/../../../../arm-none-eabi/lib/armv7-m/crt0.o
 .ARM.extab     0x00000000        0x0 e:/5.4 2016q3/bin/../lib/gcc/arm-none-eabi/5.4.1/../../../../arm-none-eabi/lib/armv7-m/crt0.o
 .ARM.exidx     0x00000000        0x8 e:/5.4 2016q3/bin/../lib/gcc/arm-none-eabi/5.4.1/../../../../arm-none-eabi/lib/armv7-m/crt0.o
 .ARM.attributes
                0x00000000       0x1b e:/5.4 2016q3/bin/../lib/gcc/arm-none-eabi/5.4.1/../../../../arm-none-eabi/lib/armv7-m/crt0.o
 .text          0x00000000        0x0 CMakeFiles/stm32mx.elf.dir/Core/core_cm3.c.obj
 .data          0x00000000        0x0 CMakeFiles/stm32mx.elf.dir/Core/core_cm3.c.obj
 .bss           0x00000000        0x0 CMakeFiles/stm32mx.elf.dir/Core/core_cm3.c.obj
 .text.__get_PSP
                0x00000000        0x8 CMakeFiles/stm32mx.elf.dir/Core/core_cm3.c.obj
 .text.__set_PSP
                0x00000000        0x8 CMakeFiles/stm32mx.elf.dir/Core/core_cm3.c.obj
 .text.__get_MSP
                0x00000000        0x8 CMakeFiles/stm32mx.elf.dir/Core/core_cm3.c.obj
 .text.__set_MSP
                0x00000000        0x8 CMakeFiles/stm32mx.elf.dir/Core/core_cm3.c.obj
 .text.__get_BASEPRI
                0x00000000        0x8 CMakeFiles/stm32mx.elf.dir/Core/core_cm3.c.obj
 .text.__set_BASEPRI
                0x00000000        0x8 CMakeFiles/stm32mx.elf.dir/Core/core_cm3.c.obj
 .text.__get_PRIMASK
                0x00000000        0x8 CMakeFiles/stm32mx.elf.dir/Core/core_cm3.c.obj
 .text.__set_PRIMASK
                0x00000000        0x8 CMakeFiles/stm32mx.elf.dir/Core/core_cm3.c.obj
 .text.__get_FAULTMASK
                0x00000000        0x8 CMakeFiles/stm32mx.elf.dir/Core/core_cm3.c.obj
 .text.__set_FAULTMASK
                0x00000000        0x8 CMakeFiles/stm32mx.elf.dir/Core/core_cm3.c.obj
 .text.__get_CONTROL
                0x00000000        0x8 CMakeFiles/stm32mx.elf.dir/Core/core_cm3.c.obj
 .text.__set_CONTROL
                0x00000000        0x8 CMakeFiles/stm32mx.elf.dir/Core/core_cm3.c.obj
[...]
Memory Configuration

Name             Origin             Length             Attributes
RAM              0x20000000         0x00005000         xrw
FLASH            0x08000000         0x00010000         xr
*default*        0x00000000         0xffffffff

Linker script and memory map

LOAD e:/5.4 2016q3/bin/../lib/gcc/arm-none-eabi/5.4.1/armv7-m/crti.o
LOAD e:/5.4 2016q3/bin/../lib/gcc/arm-none-eabi/5.4.1/armv7-m/crtbegin.o
LOAD e:/5.4 2016q3/bin/../lib/gcc/arm-none-eabi/5.4.1/../../../../arm-none-eabi/lib/armv7-m/crt0.o
LOAD CMakeFiles/stm32mx.elf.dir/Core/core_cm3.c.obj
LOAD CMakeFiles/stm32mx.elf.dir/Driver/misc.c.obj
LOAD CMakeFiles/stm32mx.elf.dir/Driver/stm32f10x_adc.c.obj
LOAD CMakeFiles/stm32mx.elf.dir/Driver/stm32f10x_bkp.c.obj
LOAD CMakeFiles/stm32mx.elf.dir/Driver/stm32f10x_can.c.obj
LOAD CMakeFiles/stm32mx.elf.dir/Driver/stm32f10x_cec.c.obj
LOAD CMakeFiles/stm32mx.elf.dir/Driver/stm32f10x_crc.c.obj
LOAD CMakeFiles/stm32mx.elf.dir/Driver/stm32f10x_dac.c.obj
LOAD CMakeFiles/stm32mx.elf.dir/Driver/stm32f10x_dbgmcu.c.obj
LOAD CMakeFiles/stm32mx.elf.dir/Driver/stm32f10x_dma.c.obj
LOAD CMakeFiles/stm32mx.elf.dir/Driver/stm32f10x_exti.c.obj
LOAD CMakeFiles/stm32mx.elf.dir/Driver/stm32f10x_flash.c.obj
LOAD CMakeFiles/stm32mx.elf.dir/Driver/stm32f10x_fsmc.c.obj
LOAD CMakeFiles/stm32mx.elf.dir/Driver/stm32f10x_gpio.c.obj
LOAD CMakeFiles/stm32mx.elf.dir/Driver/stm32f10x_i2c.c.obj
LOAD CMakeFiles/stm32mx.elf.dir/Driver/stm32f10x_iwdg.c.obj
LOAD CMakeFiles/stm32mx.elf.dir/Driver/stm32f10x_pwr.c.obj
LOAD CMakeFiles/stm32mx.elf.dir/Driver/stm32f10x_rcc.c.obj
LOAD CMakeFiles/stm32mx.elf.dir/Driver/stm32f10x_rtc.c.obj
LOAD CMakeFiles/stm32mx.elf.dir/Driver/stm32f10x_sdio.c.obj
LOAD CMakeFiles/stm32mx.elf.dir/Driver/stm32f10x_spi.c.obj
LOAD CMakeFiles/stm32mx.elf.dir/Driver/stm32f10x_tim.c.obj
LOAD CMakeFiles/stm32mx.elf.dir/Driver/stm32f10x_usart.c.obj
LOAD CMakeFiles/stm32mx.elf.dir/Driver/stm32f10x_wwdg.c.obj
LOAD CMakeFiles/stm32mx.elf.dir/Hardware/OLED.c.obj
LOAD CMakeFiles/stm32mx.elf.dir/Startup/startup_stm32f103c8tx.s.obj
LOAD CMakeFiles/stm32mx.elf.dir/Startup/system_stm32f10x.c.obj
LOAD CMakeFiles/stm32mx.elf.dir/System/Delay.c.obj
LOAD CMakeFiles/stm32mx.elf.dir/System/car.c.obj
LOAD CMakeFiles/stm32mx.elf.dir/System/gpiow.c.obj
LOAD CMakeFiles/stm32mx.elf.dir/User/main.c.obj
LOAD CMakeFiles/stm32mx.elf.dir/User/stm32f10x_it.c.obj
START GROUP
LOAD e:/5.4 2016q3/bin/../lib/gcc/arm-none-eabi/5.4.1/armv7-m\libgcc.a
LOAD e:/5.4 2016q3/bin/../lib/gcc/arm-none-eabi/5.4.1/../../../../arm-none-eabi/lib/armv7-m\libg.a
LOAD e:/5.4 2016q3/bin/../lib/gcc/arm-none-eabi/5.4.1/../../../../arm-none-eabi/lib/armv7-m\libc.a
END GROUP
LOAD e:/5.4 2016q3/bin/../lib/gcc/arm-none-eabi/5.4.1/armv7-m/crtend.o
LOAD e:/5.4 2016q3/bin/../lib/gcc/arm-none-eabi/5.4.1/armv7-m/crtn.o
                0x20005000                _estack = (ORIGIN (RAM) + LENGTH (RAM))
                0x00000200                _Min_Heap_Size = 0x200
                0x00000400                _Min_Stack_Size = 0x400

.isr_vector     0x08000000      0x10c
                0x08000000                . = ALIGN (0x4)
 *(.isr_vector)
 .isr_vector    0x08000000      0x10c CMakeFiles/stm32mx.elf.dir/Startup/startup_stm32f103c8tx.s.obj
                0x08000000                g_pfnVectors
                0x0800010c                . = ALIGN (0x4)

.text           0x0800010c      0x800
                0x0800010c                . = ALIGN (0x4)
 *(.text)
 .text          0x0800010c       0x5c e:/5.4 2016q3/bin/../lib/gcc/arm-none-eabi/5.4.1/armv7-m/crtbegin.o
 *(.text*)
 .text.NVIC_PriorityGroupConfig
                0x08000168       0x14 CMakeFiles/stm32mx.elf.dir/Driver/misc.c.obj
                0x08000168                NVIC_PriorityGroupConfig
 .text.NVIC_Init
                0x0800017c       0x64 CMakeFiles/stm32mx.elf.dir/Driver/misc.c.obj
                0x0800017c                NVIC_Init
 .text.GPIO_Init
                0x080001e0       0x9c CMakeFiles/stm32mx.elf.dir/Driver/stm32f10x_gpio.c.obj
                0x080001e0                GPIO_Init
 .text.GPIO_ReadInputDataBit
                0x0800027c       0x10 CMakeFiles/stm32mx.elf.dir/Driver/stm32f10x_gpio.c.obj
                0x0800027c                GPIO_ReadInputDataBit
 .text.GPIO_WriteBit
                0x0800028c        0xc CMakeFiles/stm32mx.elf.dir/Driver/stm32f10x_gpio.c.obj
                0x0800028c                GPIO_WriteBit
 .text.RCC_APB2PeriphClockCmd
                0x08000298       0x1c CMakeFiles/stm32mx.elf.dir/Driver/stm32f10x_rcc.c.obj
                0x08000298                RCC_APB2PeriphClockCmd
 .text.RCC_APB1PeriphClockCmd
                0x080002b4       0x1c CMakeFiles/stm32mx.elf.dir/Driver/stm32f10x_rcc.c.obj
                0x080002b4                RCC_APB1PeriphClockCmd
 .text.TIM_TimeBaseInit
                0x080002d0       0x94 CMakeFiles/stm32mx.elf.dir/Driver/stm32f10x_tim.c.obj
                0x080002d0                TIM_TimeBaseInit
 .text.TIM_Cmd  0x08000364       0x1c CMakeFiles/stm32mx.elf.dir/Driver/stm32f10x_tim.c.obj
                0x08000364                TIM_Cmd
 .text.TIM_ITConfig
                0x08000380       0x18 CMakeFiles/stm32mx.elf.dir/Driver/stm32f10x_tim.c.obj
                0x08000380                TIM_ITConfig
 .text.TIM_InternalClockConfig
                0x08000398       0x10 CMakeFiles/stm32mx.elf.dir/Driver/stm32f10x_tim.c.obj
                0x08000398                TIM_InternalClockConfig
 .text.TIM_ClearFlag
                0x080003a8        0x8 CMakeFiles/stm32mx.elf.dir/Driver/stm32f10x_tim.c.obj
                0x080003a8                TIM_ClearFlag
 .text.TIM_GetITStatus
                0x080003b0       0x18 CMakeFiles/stm32mx.elf.dir/Driver/stm32f10x_tim.c.obj
                0x080003b0                TIM_GetITStatus
 .text.TIM_ClearITPendingBit
                0x080003c8        0x8 CMakeFiles/stm32mx.elf.dir/Driver/stm32f10x_tim.c.obj
                0x080003c8                TIM_ClearITPendingBit
 .text.Reset_Handler
                0x080003d0       0x48 CMakeFiles/stm32mx.elf.dir/Startup/startup_stm32f103c8tx.s.obj
                0x080003d0                Reset_Handler
 .text.Default_Handler
                0x08000418        0x2 CMakeFiles/stm32mx.elf.dir/Startup/startup_stm32f103c8tx.s.obj
                0x08000418                RTC_Alarm_IRQHandler
                0x08000418                EXTI2_IRQHandler
                0x08000418                TIM1_CC_IRQHandler
                0x08000418                PVD_IRQHandler
                0x08000418                EXTI3_IRQHandler
                0x08000418                EXTI0_IRQHandler
                0x08000418                I2C2_EV_IRQHandler
                0x08000418                ADC1_2_IRQHandler
                0x08000418                SPI1_IRQHandler
                0x08000418                TAMPER_IRQHandler
                0x08000418                DMA1_Channel4_IRQHandler
                0x08000418                USART3_IRQHandler
                0x08000418                RTC_IRQHandler
                0x08000418                DMA1_Channel7_IRQHandler
                0x08000418                CAN1_RX1_IRQHandler
                0x08000418                TIM4_IRQHandler
                0x08000418                I2C1_EV_IRQHandler
                0x08000418                DMA1_Channel6_IRQHandler
                0x08000418                TIM3_IRQHandler
                0x08000418                RCC_IRQHandler
                0x08000418                TIM1_TRG_COM_IRQHandler
                0x08000418                DMA1_Channel1_IRQHandler
                0x08000418                Default_Handler
                0x08000418                EXTI15_10_IRQHandler
                0x08000418                EXTI9_5_IRQHandler
                0x08000418                SPI2_IRQHandler
                0x08000418                DMA1_Channel5_IRQHandler
                0x08000418                EXTI4_IRQHandler
                0x08000418                USB_LP_CAN1_RX0_IRQHandler
                0x08000418                USB_HP_CAN1_TX_IRQHandler
                0x08000418                DMA1_Channel3_IRQHandler
                0x08000418                TIM1_UP_IRQHandler
                0x08000418                WWDG_IRQHandler
                0x08000418                TIM1_BRK_IRQHandler
                0x08000418                EXTI1_IRQHandler
                0x08000418                USART2_IRQHandler
                0x08000418                I2C2_ER_IRQHandler
                0x08000418                DMA1_Channel2_IRQHandler
                0x08000418                CAN1_SCE_IRQHandler
                0x08000418                FLASH_IRQHandler
                0x08000418                USART1_IRQHandler
                0x08000418                I2C1_ER_IRQHandler
                0x08000418                USBWakeUp_IRQHandler
 *fill*         0x0800041a        0x2 
 .text.SetSysClockTo72
                0x0800041c       0xc4 CMakeFiles/stm32mx.elf.dir/Startup/system_stm32f10x.c.obj
 .text.SetSysClock
                0x080004e0        0x8 CMakeFiles/stm32mx.elf.dir/Startup/system_stm32f10x.c.obj
 .text.SystemInit
                0x080004e8       0x50 CMakeFiles/stm32mx.elf.dir/Startup/system_stm32f10x.c.obj
                0x080004e8                SystemInit
 .text.stop     0x08000538       0x20 CMakeFiles/stm32mx.elf.dir/System/car.c.obj
                0x08000538                stop
 .text.go       0x08000558       0x20 CMakeFiles/stm32mx.elf.dir/System/car.c.obj
                0x08000558                go
 .text.run      0x08000578       0x40 CMakeFiles/stm32mx.elf.dir/System/car.c.obj
                0x08000578                run
 .text.left     0x080005b8       0x40 CMakeFiles/stm32mx.elf.dir/System/car.c.obj
                0x080005b8                left
 .text.right    0x080005f8       0x40 CMakeFiles/stm32mx.elf.dir/System/car.c.obj
                0x080005f8                right
 .text.main     0x08000638      0x12c CMakeFiles/stm32mx.elf.dir/User/main.c.obj
                0x08000638                main
 .text.TIM2_IRQHandler
                0x08000764       0x30 CMakeFiles/stm32mx.elf.dir/User/main.c.obj
                0x08000764                TIM2_IRQHandler
 .text.NMI_Handler
                0x08000794        0x4 CMakeFiles/stm32mx.elf.dir/User/stm32f10x_it.c.obj
                0x08000794                NMI_Handler
 .text.HardFault_Handler
                0x08000798        0x4 CMakeFiles/stm32mx.elf.dir/User/stm32f10x_it.c.obj
                0x08000798                HardFault_Handler
 .text.MemManage_Handler
                0x0800079c        0x4 CMakeFiles/stm32mx.elf.dir/User/stm32f10x_it.c.obj
                0x0800079c                MemManage_Handler
 .text.BusFault_Handler
                0x080007a0        0x4 CMakeFiles/stm32mx.elf.dir/User/stm32f10x_it.c.obj
                0x080007a0                BusFault_Handler
 .text.UsageFault_Handler
                0x080007a4        0x4 CMakeFiles/stm32mx.elf.dir/User/stm32f10x_it.c.obj
                0x080007a4                UsageFault_Handler
 .text.SVC_Handler
                0x080007a8        0x4 CMakeFiles/stm32mx.elf.dir/User/stm32f10x_it.c.obj
                0x080007a8                SVC_Handler
 .text.DebugMon_Handler
                0x080007ac        0x4 CMakeFiles/stm32mx.elf.dir/User/stm32f10x_it.c.obj
                0x080007ac                DebugMon_Handler
 .text.PendSV_Handler
                0x080007b0        0x4 CMakeFiles/stm32mx.elf.dir/User/stm32f10x_it.c.obj
                0x080007b0                PendSV_Handler
 .text.SysTick_Handler
                0x080007b4        0x4 CMakeFiles/stm32mx.elf.dir/User/stm32f10x_it.c.obj
                0x080007b4                SysTick_Handler
 .text.__libc_init_array
                0x080007b8       0x50 e:/5.4 2016q3/bin/../lib/gcc/arm-none-eabi/5.4.1/../../../../arm-none-eabi/lib/armv7-m\libg.a(lib_a-init.o)
                0x080007b8                __libc_init_array
 .text.startup.register_fini
                0x08000808       0x14 e:/5.4 2016q3/bin/../lib/gcc/arm-none-eabi/5.4.1/../../../../arm-none-eabi/lib/armv7-m\libg.a(lib_a-__call_atexit.o)
 .text.atexit   0x0800081c        0xc e:/5.4 2016q3/bin/../lib/gcc/arm-none-eabi/5.4.1/../../../../arm-none-eabi/lib/armv7-m\libg.a(lib_a-atexit.o)
                0x0800081c                atexit
 .text.__libc_fini_array
                0x08000828       0x28 e:/5.4 2016q3/bin/../lib/gcc/arm-none-eabi/5.4.1/../../../../arm-none-eabi/lib/armv7-m\libg.a(lib_a-fini.o)
                0x08000828                __libc_fini_array
 .text.__register_exitproc
                0x08000850       0xa4 e:/5.4 2016q3/bin/../lib/gcc/arm-none-eabi/5.4.1/../../../../arm-none-eabi/lib/armv7-m\libg.a(lib_a-__atexit.o)
                0x08000850                __register_exitproc
 *(.glue_7)
 .glue_7        0x080008f4        0x0 linker stubs
 *(.glue_7t)
 .glue_7t       0x080008f4        0x0 linker stubs
 *(.eh_frame)
 .eh_frame      0x080008f4        0x0 e:/5.4 2016q3/bin/../lib/gcc/arm-none-eabi/5.4.1/armv7-m/crtbegin.o
 *(.init)
 .init          0x080008f4        0x4 e:/5.4 2016q3/bin/../lib/gcc/arm-none-eabi/5.4.1/armv7-m/crti.o
                0x080008f4                _init
 .init          0x080008f8        0x8 e:/5.4 2016q3/bin/../lib/gcc/arm-none-eabi/5.4.1/armv7-m/crtn.o
 *(.fini)
 .fini          0x08000900        0x4 e:/5.4 2016q3/bin/../lib/gcc/arm-none-eabi/5.4.1/armv7-m/crti.o
                0x08000900                _fini
 .fini          0x08000904        0x8 e:/5.4 2016q3/bin/../lib/gcc/arm-none-eabi/5.4.1/armv7-m/crtn.o
                0x0800090c                . = ALIGN (0x4)
                0x0800090c                _etext = .

.vfp11_veneer   0x0800090c        0x0
 .vfp11_veneer  0x0800090c        0x0 linker stubs

.v4_bx          0x0800090c        0x0
 .v4_bx         0x0800090c        0x0 linker stubs

.iplt           0x0800090c        0x0
 .iplt          0x0800090c        0x0 e:/5.4 2016q3/bin/../lib/gcc/arm-none-eabi/5.4.1/armv7-m/crtbegin.o

.rodata         0x0800090c        0x4
                0x0800090c                . = ALIGN (0x4)
 *(.rodata)
 *(.rodata*)
 .rodata._global_impure_ptr
                0x0800090c        0x4 e:/5.4 2016q3/bin/../lib/gcc/arm-none-eabi/5.4.1/../../../../arm-none-eabi/lib/armv7-m\libg.a(lib_a-impure.o)
                0x0800090c                _global_impure_ptr
                0x08000910                . = ALIGN (0x4)

.rel.dyn        0x08000910        0x0
 .rel.iplt      0x08000910        0x0 e:/5.4 2016q3/bin/../lib/gcc/arm-none-eabi/5.4.1/armv7-m/crtbegin.o

.ARM.extab      0x08000910        0x0
                0x08000910                . = ALIGN (0x4)
 *(.ARM.extab* .gnu.linkonce.armextab.*)
                0x08000910                . = ALIGN (0x4)

.ARM            0x08000910        0x0
                0x08000910                . = ALIGN (0x4)
                0x08000910                __exidx_start = .
 *(.ARM.exidx*)
                0x08000910                __exidx_end = .
                0x08000910                . = ALIGN (0x4)

.preinit_array  0x08000910        0x0
                0x08000910                . = ALIGN (0x4)
                0x08000910                PROVIDE (__preinit_array_start, .)
 *(.preinit_array*)
                0x08000910                PROVIDE (__preinit_array_end, .)
                0x08000910                . = ALIGN (0x4)

.init_array     0x08000910        0x8
                0x08000910                . = ALIGN (0x4)
                0x08000910                PROVIDE (__init_array_start, .)
 *(SORT(.init_array.*))
 .init_array.00000
                0x08000910        0x4 e:/5.4 2016q3/bin/../lib/gcc/arm-none-eabi/5.4.1/../../../../arm-none-eabi/lib/armv7-m\libg.a(lib_a-__call_atexit.o)
 *(.init_array*)
 .init_array    0x08000914        0x4 e:/5.4 2016q3/bin/../lib/gcc/arm-none-eabi/5.4.1/armv7-m/crtbegin.o
                0x08000918                PROVIDE (__init_array_end, .)
                0x08000918                . = ALIGN (0x4)

.fini_array     0x08000918        0x4
                0x08000918                . = ALIGN (0x4)
                0x08000918                PROVIDE (__fini_array_start, .)
 *(SORT(.fini_array.*))
 *(.fini_array*)
 .fini_array    0x08000918        0x4 e:/5.4 2016q3/bin/../lib/gcc/arm-none-eabi/5.4.1/armv7-m/crtbegin.o
                0x0800091c                PROVIDE (__fini_array_end, .)
                0x0800091c                . = ALIGN (0x4)
                0x0800091c                _sidata = LOADADDR (.data)

.data           0x20000000      0x428 load address 0x0800091c
                0x20000000                . = ALIGN (0x4)
                0x20000000                _sdata = .
 *(.data)
 *(.data*)
 .data.impure_data
                0x20000000      0x428 e:/5.4 2016q3/bin/../lib/gcc/arm-none-eabi/5.4.1/../../../../arm-none-eabi/lib/armv7-m\libg.a(lib_a-impure.o)
 *(.RamFunc)
 *(.RamFunc*)
                0x20000428                . = ALIGN (0x4)
                0x20000428                _edata = .

.jcr            0x20000428        0x0 load address 0x08000d44
 .jcr           0x20000428        0x0 e:/5.4 2016q3/bin/../lib/gcc/arm-none-eabi/5.4.1/armv7-m/crtbegin.o

.igot.plt       0x20000428        0x0 load address 0x08000d44
 .igot.plt      0x20000428        0x0 e:/5.4 2016q3/bin/../lib/gcc/arm-none-eabi/5.4.1/armv7-m/crtbegin.o
                0x20000428                . = ALIGN (0x4)

.bss            0x20000428       0x20 load address 0x08000d44
                0x20000428                _sbss = .
                0x20000428                __bss_start__ = _sbss
 *(.bss)
 .bss           0x20000428       0x1c e:/5.4 2016q3/bin/../lib/gcc/arm-none-eabi/5.4.1/armv7-m/crtbegin.o
 *(.bss*)
 .bss.val       0x20000444        0x1 CMakeFiles/stm32mx.elf.dir/User/main.c.obj
                0x20000444                val
 *(COMMON)
                0x20000448                . = ALIGN (0x4)
 *fill*         0x20000445        0x3 
                0x20000448                _ebss = .
                0x20000448                __bss_end__ = _ebss

._user_heap_stack
                0x20000448      0x600 load address 0x08000d44
                0x20000448                . = ALIGN (0x8)
                [!provide]                PROVIDE (end, .)
                [!provide]                PROVIDE (_end, .)
                0x20000648                . = (. + _Min_Heap_Size)
 *fill*         0x20000448      0x200 
                0x20000a48                . = (. + _Min_Stack_Size)
 *fill*         0x20000648      0x400 
                0x20000a48                . = ALIGN (0x8)

/DISCARD/
 libc.a(*)
 libm.a(*)
 libgcc.a(*)

.ARM.attributes
                0x00000000       0x29
 *(.ARM.attributes)
 .ARM.attributes
                0x00000000       0x1d e:/5.4 2016q3/bin/../lib/gcc/arm-none-eabi/5.4.1/armv7-m/crti.o
 .ARM.attributes
                0x0000001d       0x2d e:/5.4 2016q3/bin/../lib/gcc/arm-none-eabi/5.4.1/armv7-m/crtbegin.o
 .ARM.attributes
                0x0000004a       0x33 CMakeFiles/stm32mx.elf.dir/Driver/misc.c.obj
 .ARM.attributes
                0x0000007d       0x33 CMakeFiles/stm32mx.elf.dir/Driver/stm32f10x_gpio.c.obj
 .ARM.attributes
                0x000000b0       0x33 CMakeFiles/stm32mx.elf.dir/Driver/stm32f10x_rcc.c.obj
 .ARM.attributes
                0x000000e3       0x33 CMakeFiles/stm32mx.elf.dir/Driver/stm32f10x_tim.c.obj
 .ARM.attributes
                0x00000116       0x21 CMakeFiles/stm32mx.elf.dir/Startup/startup_stm32f103c8tx.s.obj
 .ARM.attributes
                0x00000137       0x33 CMakeFiles/stm32mx.elf.dir/Startup/system_stm32f10x.c.obj
 .ARM.attributes
                0x0000016a       0x33 CMakeFiles/stm32mx.elf.dir/System/car.c.obj
 .ARM.attributes
                0x0000019d       0x33 CMakeFiles/stm32mx.elf.dir/User/main.c.obj
 .ARM.attributes
                0x000001d0       0x33 CMakeFiles/stm32mx.elf.dir/User/stm32f10x_it.c.obj
 .ARM.attributes
                0x00000203       0x2d e:/5.4 2016q3/bin/../lib/gcc/arm-none-eabi/5.4.1/../../../../arm-none-eabi/lib/armv7-m\libg.a(lib_a-impure.o)
 .ARM.attributes
                0x00000230       0x2d e:/5.4 2016q3/bin/../lib/gcc/arm-none-eabi/5.4.1/../../../../arm-none-eabi/lib/armv7-m\libg.a(lib_a-init.o)
 .ARM.attributes
                0x0000025d       0x2d e:/5.4 2016q3/bin/../lib/gcc/arm-none-eabi/5.4.1/../../../../arm-none-eabi/lib/armv7-m\libg.a(lib_a-__call_atexit.o)
 .ARM.attributes
                0x0000028a       0x2d e:/5.4 2016q3/bin/../lib/gcc/arm-none-eabi/5.4.1/../../../../arm-none-eabi/lib/armv7-m\libg.a(lib_a-atexit.o)
 .ARM.attributes
                0x000002b7       0x2d e:/5.4 2016q3/bin/../lib/gcc/arm-none-eabi/5.4.1/../../../../arm-none-eabi/lib/armv7-m\libg.a(lib_a-fini.o)
 .ARM.attributes
                0x000002e4       0x2d e:/5.4 2016q3/bin/../lib/gcc/arm-none-eabi/5.4.1/../../../../arm-none-eabi/lib/armv7-m\libg.a(lib_a-__atexit.o)
 .ARM.attributes
                0x00000311       0x1d e:/5.4 2016q3/bin/../lib/gcc/arm-none-eabi/5.4.1/armv7-m/crtn.o
OUTPUT(stm32mx.elf elf32-littlearm)

.debug_info     0x00000000     0x4c21
 .debug_info    0x00000000      0x4f8 CMakeFiles/stm32mx.elf.dir/Driver/misc.c.obj
 .debug_info    0x000004f8      0x879 CMakeFiles/stm32mx.elf.dir/Driver/stm32f10x_gpio.c.obj
 .debug_info    0x00000d71      0x8bf CMakeFiles/stm32mx.elf.dir/Driver/stm32f10x_rcc.c.obj
 .debug_info    0x00001630     0x2186 CMakeFiles/stm32mx.elf.dir/Driver/stm32f10x_tim.c.obj
 .debug_info    0x000037b6       0xac CMakeFiles/stm32mx.elf.dir/Startup/startup_stm32f103c8tx.s.obj
 .debug_info    0x00003862      0x466 CMakeFiles/stm32mx.elf.dir/Startup/system_stm32f10x.c.obj
 .debug_info    0x00003cc8      0x41d CMakeFiles/stm32mx.elf.dir/System/car.c.obj
 .debug_info    0x000040e5      0xa23 CMakeFiles/stm32mx.elf.dir/User/main.c.obj
 .debug_info    0x00004b08      0x119 CMakeFiles/stm32mx.elf.dir/User/stm32f10x_it.c.obj

.debug_abbrev   0x00000000      0xbb5
 .debug_abbrev  0x00000000      0x165 CMakeFiles/stm32mx.elf.dir/Driver/misc.c.obj
 .debug_abbrev  0x00000165      0x1ed CMakeFiles/stm32mx.elf.dir/Driver/stm32f10x_gpio.c.obj
 .debug_abbrev  0x00000352      0x1e2 CMakeFiles/stm32mx.elf.dir/Driver/stm32f10x_rcc.c.obj
 .debug_abbrev  0x00000534      0x1dc CMakeFiles/stm32mx.elf.dir/Driver/stm32f10x_tim.c.obj
 .debug_abbrev  0x00000710       0x12 CMakeFiles/stm32mx.elf.dir/Startup/startup_stm32f103c8tx.s.obj
 .debug_abbrev  0x00000722      0x17f CMakeFiles/stm32mx.elf.dir/Startup/system_stm32f10x.c.obj
 .debug_abbrev  0x000008a1       0xee CMakeFiles/stm32mx.elf.dir/System/car.c.obj
 .debug_abbrev  0x0000098f      0x1b3 CMakeFiles/stm32mx.elf.dir/User/main.c.obj
 .debug_abbrev  0x00000b42       0x73 CMakeFiles/stm32mx.elf.dir/User/stm32f10x_it.c.obj

.debug_loc      0x00000000     0x2900
 .debug_loc     0x00000000      0x160 CMakeFiles/stm32mx.elf.dir/Driver/misc.c.obj
 .debug_loc     0x00000160      0x542 CMakeFiles/stm32mx.elf.dir/Driver/stm32f10x_gpio.c.obj
 .debug_loc     0x000006a2      0x692 CMakeFiles/stm32mx.elf.dir/Driver/stm32f10x_rcc.c.obj
 .debug_loc     0x00000d34     0x1aed CMakeFiles/stm32mx.elf.dir/Driver/stm32f10x_tim.c.obj
 .debug_loc     0x00002821       0xdf CMakeFiles/stm32mx.elf.dir/Startup/system_stm32f10x.c.obj

.debug_aranges  0x00000000      0x620
 .debug_aranges
                0x00000000       0x40 CMakeFiles/stm32mx.elf.dir/Driver/misc.c.obj
 .debug_aranges
                0x00000040       0xa8 CMakeFiles/stm32mx.elf.dir/Driver/stm32f10x_gpio.c.obj
 .debug_aranges
                0x000000e8      0x118 CMakeFiles/stm32mx.elf.dir/Driver/stm32f10x_rcc.c.obj
 .debug_aranges
                0x00000200      0x2f0 CMakeFiles/stm32mx.elf.dir/Driver/stm32f10x_tim.c.obj
 .debug_aranges
                0x000004f0       0x28 CMakeFiles/stm32mx.elf.dir/Startup/startup_stm32f103c8tx.s.obj
 .debug_aranges
                0x00000518       0x38 CMakeFiles/stm32mx.elf.dir/Startup/system_stm32f10x.c.obj
 .debug_aranges
                0x00000550       0x48 CMakeFiles/stm32mx.elf.dir/System/car.c.obj
 .debug_aranges
                0x00000598       0x28 CMakeFiles/stm32mx.elf.dir/User/main.c.obj
 .debug_aranges
                0x000005c0       0x60 CMakeFiles/stm32mx.elf.dir/User/stm32f10x_it.c.obj

.debug_ranges   0x00000000      0x598
 .debug_ranges  0x00000000       0x30 CMakeFiles/stm32mx.elf.dir/Driver/misc.c.obj
 .debug_ranges  0x00000030       0x98 CMakeFiles/stm32mx.elf.dir/Driver/stm32f10x_gpio.c.obj
 .debug_ranges  0x000000c8      0x108 CMakeFiles/stm32mx.elf.dir/Driver/stm32f10x_rcc.c.obj
 .debug_ranges  0x000001d0      0x2e0 CMakeFiles/stm32mx.elf.dir/Driver/stm32f10x_tim.c.obj
 .debug_ranges  0x000004b0       0x20 CMakeFiles/stm32mx.elf.dir/Startup/startup_stm32f103c8tx.s.obj
 .debug_ranges  0x000004d0       0x28 CMakeFiles/stm32mx.elf.dir/Startup/system_stm32f10x.c.obj
 .debug_ranges  0x000004f8       0x38 CMakeFiles/stm32mx.elf.dir/System/car.c.obj
 .debug_ranges  0x00000530       0x18 CMakeFiles/stm32mx.elf.dir/User/main.c.obj
 .debug_ranges  0x00000548       0x50 CMakeFiles/stm32mx.elf.dir/User/stm32f10x_it.c.obj

.debug_line     0x00000000     0x1ac8
 .debug_line    0x00000000      0x1be CMakeFiles/stm32mx.elf.dir/Driver/misc.c.obj
 .debug_line    0x000001be      0x334 CMakeFiles/stm32mx.elf.dir/Driver/stm32f10x_gpio.c.obj
 .debug_line    0x000004f2      0x409 CMakeFiles/stm32mx.elf.dir/Driver/stm32f10x_rcc.c.obj
 .debug_line    0x000008fb      0x9f2 CMakeFiles/stm32mx.elf.dir/Driver/stm32f10x_tim.c.obj
 .debug_line    0x000012ed       0xa9 CMakeFiles/stm32mx.elf.dir/Startup/startup_stm32f103c8tx.s.obj
 .debug_line    0x00001396      0x1c2 CMakeFiles/stm32mx.elf.dir/Startup/system_stm32f10x.c.obj
 .debug_line    0x00001558      0x1ff CMakeFiles/stm32mx.elf.dir/System/car.c.obj
 .debug_line    0x00001757      0x246 CMakeFiles/stm32mx.elf.dir/User/main.c.obj
 .debug_line    0x0000199d      0x12b CMakeFiles/stm32mx.elf.dir/User/stm32f10x_it.c.obj

.debug_str      0x00000000     0x1d8d
 .debug_str     0x00000000      0x3ae CMakeFiles/stm32mx.elf.dir/Driver/misc.c.obj
                                0x3f3 (size before relaxing)
 .debug_str     0x000003ae      0x3b0 CMakeFiles/stm32mx.elf.dir/Driver/stm32f10x_gpio.c.obj
                                0x56b (size before relaxing)
 .debug_str     0x0000075e      0x43c CMakeFiles/stm32mx.elf.dir/Driver/stm32f10x_rcc.c.obj
                                0x655 (size before relaxing)
 .debug_str     0x00000b9a      0xbae CMakeFiles/stm32mx.elf.dir/Driver/stm32f10x_tim.c.obj
                                0xe46 (size before relaxing)
 .debug_str     0x00001748       0xb7 CMakeFiles/stm32mx.elf.dir/Startup/system_stm32f10x.c.obj
                                0x31c (size before relaxing)
 .debug_str     0x000017ff       0x4d CMakeFiles/stm32mx.elf.dir/System/car.c.obj
                                0x1f4 (size before relaxing)
 .debug_str     0x0000184c      0x472 CMakeFiles/stm32mx.elf.dir/User/main.c.obj
                                0xa38 (size before relaxing)
 .debug_str     0x00001cbe       0xcf CMakeFiles/stm32mx.elf.dir/User/stm32f10x_it.c.obj
                                0x229 (size before relaxing)

.comment        0x00000000       0x6e
 .comment       0x00000000       0x6e CMakeFiles/stm32mx.elf.dir/Driver/misc.c.obj
                                 0x6f (size before relaxing)
 .comment       0x0000006e       0x6f CMakeFiles/stm32mx.elf.dir/Driver/stm32f10x_gpio.c.obj
 .comment       0x0000006e       0x6f CMakeFiles/stm32mx.elf.dir/Driver/stm32f10x_rcc.c.obj
 .comment       0x0000006e       0x6f CMakeFiles/stm32mx.elf.dir/Driver/stm32f10x_tim.c.obj
 .comment       0x0000006e       0x6f CMakeFiles/stm32mx.elf.dir/Startup/system_stm32f10x.c.obj
 .comment       0x0000006e       0x6f CMakeFiles/stm32mx.elf.dir/System/car.c.obj
 .comment       0x0000006e       0x6f CMakeFiles/stm32mx.elf.dir/User/main.c.obj
 .comment       0x0000006e       0x6f CMakeFiles/stm32mx.elf.dir/User/stm32f10x_it.c.obj

.debug_frame    0x00000000      0xdac
 .debug_frame   0x00000000       0x60 CMakeFiles/stm32mx.elf.dir/Driver/misc.c.obj
 .debug_frame   0x00000060      0x16c CMakeFiles/stm32mx.elf.dir/Driver/stm32f10x_gpio.c.obj
 .debug_frame   0x000001cc      0x228 CMakeFiles/stm32mx.elf.dir/Driver/stm32f10x_rcc.c.obj
 .debug_frame   0x000003f4      0x6c4 CMakeFiles/stm32mx.elf.dir/Driver/stm32f10x_tim.c.obj
 .debug_frame   0x00000ab8       0x68 CMakeFiles/stm32mx.elf.dir/Startup/system_stm32f10x.c.obj
 .debug_frame   0x00000b20       0xa0 CMakeFiles/stm32mx.elf.dir/System/car.c.obj
 .debug_frame   0x00000bc0       0x48 CMakeFiles/stm32mx.elf.dir/User/main.c.obj
 .debug_frame   0x00000c08       0xa0 CMakeFiles/stm32mx.elf.dir/User/stm32f10x_it.c.obj
 .debug_frame   0x00000ca8       0x2c e:/5.4 2016q3/bin/../lib/gcc/arm-none-eabi/5.4.1/../../../../arm-none-eabi/lib/armv7-m\libg.a(lib_a-init.o)
 .debug_frame   0x00000cd4       0x50 e:/5.4 2016q3/bin/../lib/gcc/arm-none-eabi/5.4.1/../../../../arm-none-eabi/lib/armv7-m\libg.a(lib_a-__call_atexit.o)
 .debug_frame   0x00000d24       0x20 e:/5.4 2016q3/bin/../lib/gcc/arm-none-eabi/5.4.1/../../../../arm-none-eabi/lib/armv7-m\libg.a(lib_a-atexit.o)
 .debug_frame   0x00000d44       0x34 e:/5.4 2016q3/bin/../lib/gcc/arm-none-eabi/5.4.1/../../../../arm-none-eabi/lib/armv7-m\libg.a(lib_a-fini.o)
 .debug_frame   0x00000d78       0x34 e:/5.4 2016q3/bin/../lib/gcc/arm-none-eabi/5.4.1/../../../../arm-none-eabi/lib/armv7-m\libg.a(lib_a-__atexit.o)
